// Jest Snapshot v1, https://goo.gl/fbAQLP

exports[`<UserAccountPage /> renders user account page 1`] = `
<MemoryRouter
  initialEntries={
    Array [
      Object {
        "key": "testKey",
      },
    ]
  }
>
  <Router
    history={
      Object {
        "action": "POP",
        "block": [Function],
        "canGo": [Function],
        "createHref": [Function],
        "entries": Array [
          Object {
            "hash": "",
            "key": "testKey",
            "pathname": "/",
            "search": "",
          },
        ],
        "go": [Function],
        "goBack": [Function],
        "goForward": [Function],
        "index": 0,
        "length": 1,
        "listen": [Function],
        "location": Object {
          "hash": "",
          "key": "testKey",
          "pathname": "/",
          "search": "",
        },
        "push": [Function],
        "replace": [Function],
      }
    }
  >
    <UserAccountPage
      match={
        Object {
          "params": Object {
            "id": "fred",
          },
        }
      }
    >
      <Row
        bsClass="row"
        componentClass="div"
      >
        <div
          className="row"
        >
          <Col
            bsClass="col"
            className="UserAccount"
            componentClass="div"
            md={10}
            mdOffset={1}
          >
            <div
              className="UserAccount col-md-10 col-md-offset-1"
            >
              <div>
                <PageHeader
                  bsClass="page-header"
                >
                  <div
                    className="page-header"
                  >
                    <h1>
                      Account 
                      <small>
                        fred@example.com
                      </small>
                    </h1>
                  </div>
                </PageHeader>
                <Well
                  bsClass="well"
                >
                  <div
                    className="well"
                  >
                    <Form
                      bsClass="form"
                      componentClass="form"
                      horizontal={true}
                      inline={false}
                      onSubmit={[Function]}
                    >
                      <form
                        className="form-horizontal"
                        onSubmit={[Function]}
                      >
                        <ul
                          className="list-group"
                        />
                        <FormGroup
                          bsClass="form-group"
                        >
                          <div
                            className="form-group"
                          >
                            <Col
                              bsClass="col"
                              componentClass={[Function]}
                              md={2}
                            >
                              <ControlLabel
                                bsClass="control-label"
                                className="col-md-2"
                                srOnly={false}
                              >
                                <label
                                  className="col-md-2 control-label"
                                >
                                  Name
                                </label>
                              </ControlLabel>
                            </Col>
                            <Col
                              bsClass="col"
                              componentClass="div"
                              md={9}
                            >
                              <div
                                className="col-md-9"
                              >
                                <FormControl
                                  bsClass="form-control"
                                  className="name"
                                  componentClass="input"
                                  defaultValue="fred"
                                  inputRef={[Function]}
                                  onBlur={[Function]}
                                  type="text"
                                >
                                  <input
                                    className="name form-control"
                                    defaultValue="fred"
                                    onBlur={[Function]}
                                    type="text"
                                  />
                                </FormControl>
                              </div>
                            </Col>
                          </div>
                        </FormGroup>
                        <FormGroup
                          bsClass="form-group"
                        >
                          <div
                            className="form-group"
                          >
                            <Col
                              bsClass="col"
                              componentClass={[Function]}
                              md={2}
                            >
                              <ControlLabel
                                bsClass="control-label"
                                className="col-md-2"
                                srOnly={false}
                              >
                                <label
                                  className="col-md-2 control-label"
                                >
                                  Password
                                </label>
                              </ControlLabel>
                            </Col>
                            <Col
                              bsClass="col"
                              componentClass="div"
                              md={9}
                            >
                              <div
                                className="col-md-9"
                              >
                                <FormControl
                                  bsClass="form-control"
                                  className="password"
                                  componentClass="input"
                                  inputRef={[Function]}
                                  type="password"
                                >
                                  <input
                                    className="password form-control"
                                    type="password"
                                  />
                                </FormControl>
                                <HelpBlock
                                  bsClass="help-block"
                                >
                                  <span
                                    className="help-block"
                                  >
                                    You must enter a password even if you are only changing your account name
                                  </span>
                                </HelpBlock>
                              </div>
                            </Col>
                          </div>
                        </FormGroup>
                        <FormGroup
                          bsClass="form-group"
                        >
                          <div
                            className="form-group"
                          >
                            <Col
                              bsClass="col"
                              componentClass="div"
                              md={9}
                              mdOffset={2}
                            >
                              <div
                                className="col-md-9 col-md-offset-2"
                              >
                                <Button
                                  active={false}
                                  block={false}
                                  bsClass="btn"
                                  bsSize="small"
                                  bsStyle="success"
                                  className="account-update"
                                  disabled={false}
                                  type="submit"
                                >
                                  <button
                                    className="account-update btn btn-sm btn-success"
                                    disabled={false}
                                    type="submit"
                                  >
                                    Update
                                  </button>
                                </Button>
                              </div>
                            </Col>
                          </div>
                        </FormGroup>
                      </form>
                    </Form>
                  </div>
                </Well>
              </div>
              <div
                className="sub-header avatar"
              >
                <PageHeader
                  bsClass="page-header"
                >
                  <div
                    className="page-header"
                  >
                    <h1>
                      Avatar
                    </h1>
                  </div>
                </PageHeader>
                <Well
                  bsClass="well"
                >
                  <div
                    className="well"
                  >
                    <p>
                      Set a custom avatar for Platters by registering at Gravatar with your email address.
                    </p>
                    <p>
                      Gravatar is a global free avatar service used by many applications including: Wordpress, Github and Stackoverflow. Click on the avatar below to be taken to Gravatar.
                    </p>
                    <a
                      href="https://gravatar.com"
                    >
                      <img
                        alt="fred"
                        className="img-responsive"
                        src="https://gravatar.com/avatar/6255165076a5e31273cbda50bb9f9636?s=160&r=pg&d=identicon"
                      />
                    </a>
                  </div>
                </Well>
              </div>
              <div
                className="sub-header"
              >
                <PageHeader
                  bsClass="page-header"
                >
                  <div
                    className="page-header"
                  >
                    <h1>
                      Delete account
                    </h1>
                  </div>
                </PageHeader>
                <Well
                  bsClass="well"
                >
                  <div
                    className="well"
                  >
                    <p>
                      Once you delete your account all your comments will also be deleted, there is no going back. Please be certain!
                    </p>
                    <Button
                      active={false}
                      block={false}
                      bsClass="btn"
                      bsSize="small"
                      bsStyle="danger"
                      className="account-delete"
                      disabled={false}
                      onClick={[Function]}
                      type="submit"
                    >
                      <button
                        className="account-delete btn btn-sm btn-danger"
                        disabled={false}
                        onClick={[Function]}
                        type="submit"
                      >
                        Delete account
                      </button>
                    </Button>
                  </div>
                </Well>
              </div>
            </div>
          </Col>
        </div>
      </Row>
    </UserAccountPage>
  </Router>
</MemoryRouter>
`;
